<?xml version="1.0" encoding="UTF-8"?>
<urlset xmlns="http://www.sitemaps.org/schemas/sitemap/0.9">
  <url>
    <loc>http://localhost/en_US/products/test</loc>
    <lastmod>@string@.isDateTime()</lastmod>
    <changefreq>always</changefreq>
    <priority>0.5</priority>
    <image:image>
      <image:loc>test.jpg</image:loc>
    </image:image>
  </url>
  <url>
    <loc>http://localhost/en_US/products/mock</loc>
    <lastmod>@string@.isDateTime()</lastmod>
    <changefreq>always</changefreq>
    <priority>0.5</priority>
    <image:image>
      <image:loc>mock.jpg</image:loc>
    </image:image>
  </url>
</urlset>