<?xml version="1.0" encoding="UTF-8"?>
<urlset xmlns="http://www.sitemaps.org/schemas/sitemap/0.9" xmlns:xhtml="http://www.w3.org/1999/xhtml">
  <url>
    <loc>/en_US/products/test</loc>
    <lastmod>@string@.isDateTime()</lastmod>
    <changefreq>always</changefreq>
    <priority>0.5</priority>
  </url>
  <url>
    <loc>/en_US/taxons/mock</loc>
    <changefreq>always</changefreq>
    <priority>0.5</priority>
  </url>
  <url>
    <loc>/en_US/</loc>
    <xhtml:link rel="alternate" hreflang="en" href="/en_US/"/>
    <xhtml:link rel="alternate" hreflang="nl" href="/nl_NL/"/>
    <changefreq>weekly</changefreq>
    <priority>0.3</priority>
  </url>
  <url>
    <loc>/nl_NL/</loc>
    <xhtml:link rel="alternate" hreflang="en" href="/en_US/"/>
    <xhtml:link rel="alternate" hreflang="nl" href="/nl_NL/"/>
    <changefreq>weekly</changefreq>
    <priority>0.3</priority>
  </url>
  <url>
    <loc>/en_US/contact/</loc>
    <xhtml:link rel="alternate" hreflang="en" href="/en_US/contact/"/>
    <xhtml:link rel="alternate" hreflang="nl" href="/nl_NL/contact/"/>
    <changefreq>weekly</changefreq>
    <priority>0.3</priority>
  </url>
  <url>
    <loc>/nl_NL/contact/</loc>
    <xhtml:link rel="alternate" hreflang="en" href="/en_US/contact/"/>
    <xhtml:link rel="alternate" hreflang="nl" href="/nl_NL/contact/"/>
    <changefreq>weekly</changefreq>
    <priority>0.3</priority>
  </url>
  <url>
    <loc>/en_US/order/fooToken</loc>
    <xhtml:link rel="alternate" hreflang="en" href="/en_US/order/fooToken"/>
    <xhtml:link rel="alternate" hreflang="nl" href="/nl_NL/order/fooToken"/>
    <changefreq>weekly</changefreq>
    <priority>0.3</priority>
  </url>
  <url>
    <loc>/nl_NL/order/fooToken</loc>
    <xhtml:link rel="alternate" hreflang="en" href="/en_US/order/fooToken"/>
    <xhtml:link rel="alternate" hreflang="nl" href="/nl_NL/order/fooToken"/>
    <changefreq>weekly</changefreq>
    <priority>0.3</priority>
  </url>
</urlset>