<?xml version="1.0" encoding="UTF-8"?>
<urlset xmlns="http://www.sitemaps.org/schemas/sitemap/0.9">
  <url>
    <loc>http://localhost/en_US/products/test</loc>
    <lastmod>@string@.isDateTime()</lastmod>
    <changefreq>always</changefreq>
    <priority>0.5</priority>
  </url>
  <url>
    <loc>http://localhost/en_US/taxons/mock</loc>
    <changefreq>always</changefreq>
    <priority>0.5</priority>
  </url>
  <url>
    <loc>http://localhost/en_US/</loc>
    <changefreq>weekly</changefreq>
    <priority>0.3</priority>
  </url>
  <url>
    <loc>http://localhost/en_US/contact/</loc>
    <changefreq>weekly</changefreq>
    <priority>0.3</priority>
  </url>
</urlset>