<?xml version="1.0" encoding="UTF-8"?>
<sitemapindex xmlns="http://www.sitemaps.org/schemas/sitemap/0.9">
  <sitemap>
    <loc>/sitemap/products.xml</loc>
  </sitemap>
  <sitemap>
    <loc>/sitemap/taxons.xml</loc>
  </sitemap>
</sitemapindex>