<?xml version="1.0" encoding="UTF-8"?>
<urlset xmlns="http://www.sitemaps.org/schemas/sitemap/0.9">
  <url>
    <loc>/en_US/taxons/test</loc>
    <changefreq>always</changefreq>
    <priority>0.5</priority>
  </url>
  <url>
    <loc>/en_US/taxons/mock</loc>
    <changefreq>always</changefreq>
    <priority>0.5</priority>
  </url>
</urlset>